should match snapshot:
  1: |
    apiVersion: k8s.keycloak.org/v2alpha1
    kind: Keycloak
    metadata:
      labels:
        app.kubernetes.io/component: keycloak
        app.kubernetes.io/managed-by: Helm
        app.kubernetes.io/version: 26.2.1
        helm.sh/chart: keycloak-operator-1.5.1
      name: keycloak
    spec:
      features:
        disabled:
          - js-adapter
          - kerberos
        enabled:
          - account
          - admin
          - web-authn
      hostname:
        backchannelDynamic: false
        hostname: keycloak.example.com
        strict: true
      http:
        httpEnabled: true
      ingress:
        enabled: true
      instances: 1
  2: |
    apiVersion: k8s.keycloak.org/v2alpha1
    kind: KeycloakRealmImport
    metadata:
      labels:
        app.kubernetes.io/managed-by: Helm
        app.kubernetes.io/version: 26.2.1
        helm.sh/chart: keycloak-operator-1.5.1
      name: RELEASE-NAME-keycloak-operator-test
    spec:
      keycloakCRName: keycloak
      realm:
        id: test
        realm: test
        users:
          - email: john.sausage@example.com
            firstName: Hans
            id: "0"
            lastName: Wurst
            username: john.sausage
